       Fresh unicode-ident v1.0.22
       Fresh bitflags v2.10.0
       Fresh cfg-if v1.0.4
       Fresh autocfg v1.5.0
       Fresh equivalent v1.0.2
       Fresh cfg_aliases v0.2.1
       Fresh proc-macro2 v1.0.103
       Fresh once_cell v1.21.3
       Fresh log v0.4.28
       Fresh foldhash v0.2.0
       Fresh quote v1.0.42
       Fresh serde_core v1.0.228
       Fresh core-foundation-sys v0.8.7
       Fresh syn v2.0.111
       Fresh libm v0.2.15
       Fresh heck v0.5.0
       Fresh fastrand v2.3.0
       Fresh bytemuck_derive v1.10.2
       Fresh thiserror-impl v2.0.17
       Fresh serde_derive v1.0.228
       Fresh anyhow v1.0.100
       Fresh hashbrown v0.16.1
       Fresh foreign-types-macros v0.2.3
       Fresh smallvec v1.15.1
       Fresh bytemuck v1.24.0
       Fresh thiserror v2.0.17
       Fresh serde v1.0.228
       Fresh num-traits v0.2.19
       Fresh indexmap v2.12.1
       Fresh foreign-types-shared v0.3.1
       Fresh zerocopy-derive v0.8.30
       Fresh foreign-types v0.5.0
       Fresh libc v0.2.177
       Fresh uniffi_internal_macros v0.30.0
       Fresh malloc_buf v0.0.6
       Fresh core-foundation v0.10.1
       Fresh zerocopy v0.8.30
       Fresh version_check v0.9.5
       Fresh arrayvec v0.7.6
       Fresh rustc-hash v1.1.0
       Fresh unicode-width v0.2.2
       Fresh bit-vec v0.8.0
       Fresh scopeguard v1.2.0
       Fresh half v2.7.1
       Fresh paste v1.0.15
       Fresh codespan-reporting v0.12.0
       Fresh lock_api v0.4.14
       Fresh parking_lot_core v0.9.12
       Fresh bit-set v0.8.0
       Fresh core-graphics-types v0.2.0
       Fresh errno v0.3.14
       Fresh objc v0.2.7
       Fresh siphasher v0.3.11
       Fresh raw-window-handle v0.6.2
       Fresh block v0.1.6
       Fresh hexf-parse v0.2.1
       Fresh rustix v1.1.2
       Fresh metal v0.32.0
       Fresh objc-sys v0.3.5
       Fresh parking_lot v0.12.5
       Fresh naga v27.0.3
       Fresh getrandom v0.3.4
       Fresh wgpu-types v27.0.1
       Fresh font-types v0.10.1
       Fresh serde_spanned v1.0.3
       Fresh toml_datetime v0.7.3
       Fresh rustc-hash v2.1.1
       Fresh profiling v1.0.17
       Fresh memchr v2.7.6
       Fresh itoa v1.0.15
       Fresh toml_writer v1.0.4
       Fresh minimal-lexical v0.2.1
       Fresh objc2-encode v4.1.0
       Fresh read-fonts v0.35.0
       Fresh wgpu-hal v27.0.4
       Fresh tempfile v3.23.0
       Fresh objc2 v0.5.2
       Fresh askama_parser v0.13.0
       Fresh nom v7.1.3
       Fresh crossbeam-utils v0.8.21
       Fresh camino v1.2.1
       Fresh slotmap v1.0.7
       Fresh basic-toml v0.1.10
       Fresh scroll_derive v0.12.1
       Fresh ryu v1.0.20
       Fresh static_assertions v1.1.0
       Fresh tinyvec_macros v0.1.1
       Fresh litrs v1.0.0
       Fresh smawk v0.3.2
       Fresh winnow v0.7.14
       Fresh askama_derive v0.13.1
       Fresh scroll v0.12.0
       Fresh block2 v0.5.1
       Fresh tinyvec v1.10.0
       Fresh document-features v0.2.12
       Fresh serde_json v1.0.145
       Fresh textwrap v0.16.2
       Fresh weedle2 v5.0.0
       Fresh wgpu-core-deps-apple v27.0.0
       Fresh uniffi_pipeline v0.30.0
       Fresh fs-err v2.11.0
       Fresh skrifa v0.37.0
       Fresh cargo-platform v0.1.9
       Fresh toml_parser v1.0.4
       Fresh aho-corasick v1.1.4
       Fresh memmap2 v0.9.9
       Fresh semver v1.0.27
       Fresh core-foundation v0.9.4
       Fresh bitflags v1.3.2
       Fresh unicode-properties v0.1.4
       Fresh plain v0.2.3
       Fresh zeno v0.3.3
       Fresh unicode-bidi-mirroring v0.2.0
       Fresh unicode-ccc v0.2.0
       Fresh yazi v0.2.1
       Fresh anstyle v1.0.13
       Fresh ttf-parser v0.20.0
       Fresh regex-syntax v0.8.8
       Fresh strsim v0.11.1
       Fresh unicode-script v0.5.7
       Fresh clap_lex v0.7.6
       Fresh ttf-parser v0.21.1
       Fresh dispatch v0.2.0
       Fresh smol_str v0.2.2
       Fresh goblin v0.8.2
       Fresh fontdb v0.16.2
       Fresh regex-automata v0.4.13
       Fresh swash v0.2.6
       Fresh cargo_metadata v0.19.2
       Fresh rustybuzz v0.14.1
       Fresh objc2-foundation v0.2.2
       Fresh clap_builder v4.5.53
       Fresh core-graphics-types v0.1.3
       Fresh toml v0.9.8
       Fresh uniffi_udl v0.30.0
       Fresh wgpu-core v27.0.3
       Fresh uniffi_meta v0.30.0
       Fresh askama v0.13.1
       Fresh euclid v0.22.11
       Fresh clap_derive v4.5.49
       Fresh tracing-core v0.1.35
       Fresh pin-project-lite v0.2.16
       Fresh unicode-bidi v0.3.18
       Fresh rangemap v1.7.0
       Fresh glob v0.3.3
       Fresh svg_fmt v0.4.5
       Fresh bytes v1.11.0
       Fresh sys-locale v0.3.2
       Fresh unicode-segmentation v1.12.0
       Fresh unicode-linebreak v0.1.5
       Fresh self_cell v1.2.1
       Fresh uniffi_core v0.30.0
       Fresh tracing v0.1.43
       Fresh etagere v0.2.15
       Fresh clap v4.5.53
       Fresh uniffi_bindgen v0.30.0
       Fresh cosmic-text v0.14.2
       Fresh uniffi_macros v0.30.0
       Fresh objc2-app-kit v0.2.2
       Fresh core-graphics v0.23.2
       Fresh wgpu v27.0.1
       Fresh regex v1.12.2
       Fresh crossbeam-epoch v0.9.18
       Fresh is-terminal v0.4.17
       Fresh lru v0.16.2
       Fresh termcolor v1.4.1
       Fresh cursor-icon v1.2.0
       Fresh grid v1.0.0
       Fresh humantime v2.3.0
       Fresh dpi v0.1.2
       Fresh glyphon v0.9.0 (https://github.com/grovesNL/glyphon.git?branch=main#2b3e0906)
       Fresh crossbeam-deque v0.8.6
       Fresh uniffi v0.30.0
       Fresh crossbeam-channel v0.5.15
       Fresh crossbeam-queue v0.3.12
       Fresh pollster v0.4.0
       Fresh taffy v0.9.2
       Fresh env_logger v0.10.2
       Fresh winit v0.30.12
       Fresh crossbeam v0.8.4
       Dirty vexo v0.1.0 (/Users/peiyan_wang/Workspace/ui_platform/vexo): couldn't read metadata for file `target/debug/deps/libvexo-50f8a59689e8fdfa.rlib`
   Compiling vexo v0.1.0 (/Users/peiyan_wang/Workspace/ui_platform/vexo)
     Running `/Users/peiyan_wang/.rustup/toolchains/stable-aarch64-apple-darwin/bin/rustc --crate-name vexo --edition=2021 vexo/src/lib.rs --error-format=json --json=diagnostic-rendered-ansi,artifacts,future-incompat --crate-type lib --emit=dep-info,metadata,link -C embed-bitcode=no -C debuginfo=2 -C split-debuginfo=unpacked --check-cfg 'cfg(docsrs,test)' --check-cfg 'cfg(feature, values())' -C metadata=8a4366052d93f11c -C extra-filename=-50f8a59689e8fdfa --out-dir /Users/peiyan_wang/Workspace/ui_platform/target/debug/deps -C incremental=/Users/peiyan_wang/Workspace/ui_platform/target/debug/incremental -L dependency=/Users/peiyan_wang/Workspace/ui_platform/target/debug/deps --extern anyhow=/Users/peiyan_wang/Workspace/ui_platform/target/debug/deps/libanyhow-e50ef13e17777fe1.rmeta --extern bytemuck=/Users/peiyan_wang/Workspace/ui_platform/target/debug/deps/libbytemuck-902e31142d692325.rmeta --extern env_logger=/Users/peiyan_wang/Workspace/ui_platform/target/debug/deps/libenv_logger-ab699fa6dfe5ebcd.rmeta --extern glyphon=/Users/peiyan_wang/Workspace/ui_platform/target/debug/deps/libglyphon-5df35ce9d0908d58.rmeta --extern log=/Users/peiyan_wang/Workspace/ui_platform/target/debug/deps/liblog-784b86f3035ce296.rmeta --extern pollster=/Users/peiyan_wang/Workspace/ui_platform/target/debug/deps/libpollster-b310b32a28ce11a3.rmeta --extern taffy=/Users/peiyan_wang/Workspace/ui_platform/target/debug/deps/libtaffy-ad88c44bd7e1fcc5.rmeta --extern uniffi=/Users/peiyan_wang/Workspace/ui_platform/target/debug/deps/libuniffi-8e16669dca0d297b.rmeta --extern wgpu=/Users/peiyan_wang/Workspace/ui_platform/target/debug/deps/libwgpu-386314670c3155e2.rmeta --extern winit=/Users/peiyan_wang/Workspace/ui_platform/target/debug/deps/libwinit-cd71ba3f67badfbe.rmeta`
warning: unused import: `Mutex`
 --> vexo/src/lib.rs:7:22
  |
7 | use std::sync::{Arc, Mutex};
  |                      ^^^^^
  |
  = note: `#[warn(unused_imports)]` (part of `#[warn(unused)]`) on by default

warning: unused import: `cosmic_text`
 --> vexo/src/editor.rs:1:15
  |
1 | use glyphon::{cosmic_text, Edit, FontSystem};
  |               ^^^^^^^^^^^

warning: variable does not need to be mutable
   --> vexo/src/lib.rs:565:17
    |
565 |             let mut editor = editor_ref.borrow_mut();
    |                 ----^^^^^^
    |                 |
    |                 help: remove this `mut`
    |
    = note: `#[warn(unused_mut)]` (part of `#[warn(unused)]`) on by default

warning: unused variable: `window_id`
   --> vexo/src/lib.rs:682:9
    |
682 |         window_id: winit::window::WindowId,
    |         ^^^^^^^^^ help: if this is intentional, prefix it with an underscore: `_window_id`
    |
    = note: `#[warn(unused_variables)]` (part of `#[warn(unused)]`) on by default

warning: variable does not need to be mutable
    --> vexo/src/lib.rs:1609:13
     |
1609 |         let mut cache = SwashCache::new();
     |             ----^^^^^
     |             |
     |             help: remove this `mut`

warning: `vexo` (lib) generated 5 warnings (run `cargo fix --lib -p vexo` to apply 4 suggestions)
       Dirty shared_app v0.1.0 (/Users/peiyan_wang/Workspace/ui_platform/shared_app): the dependency vexo was rebuilt
   Compiling shared_app v0.1.0 (/Users/peiyan_wang/Workspace/ui_platform/shared_app)
     Running `/Users/peiyan_wang/.rustup/toolchains/stable-aarch64-apple-darwin/bin/rustc --crate-name shared_app --edition=2021 shared_app/src/lib.rs --error-format=json --json=diagnostic-rendered-ansi,artifacts,future-incompat --crate-type cdylib --crate-type staticlib --crate-type rlib --emit=dep-info,link -C embed-bitcode=no -C debuginfo=2 -C split-debuginfo=unpacked --check-cfg 'cfg(docsrs,test)' --check-cfg 'cfg(feature, values())' -C metadata=a67d91c40e892698 --out-dir /Users/peiyan_wang/Workspace/ui_platform/target/debug/deps -C incremental=/Users/peiyan_wang/Workspace/ui_platform/target/debug/incremental -L dependency=/Users/peiyan_wang/Workspace/ui_platform/target/debug/deps --extern crossbeam=/Users/peiyan_wang/Workspace/ui_platform/target/debug/deps/libcrossbeam-e964596b20572e72.rlib --extern parking_lot=/Users/peiyan_wang/Workspace/ui_platform/target/debug/deps/libparking_lot-17bab91907f0ab86.rlib --extern pollster=/Users/peiyan_wang/Workspace/ui_platform/target/debug/deps/libpollster-b310b32a28ce11a3.rlib --extern uniffi=/Users/peiyan_wang/Workspace/ui_platform/target/debug/deps/libuniffi-8e16669dca0d297b.rlib --extern vexo=/Users/peiyan_wang/Workspace/ui_platform/target/debug/deps/libvexo-50f8a59689e8fdfa.rlib --extern winit=/Users/peiyan_wang/Workspace/ui_platform/target/debug/deps/libwinit-cd71ba3f67badfbe.rlib`
warning: unused import: `std::os::macos::raw::stat`
 --> shared_app/src/lib.rs:1:5
  |
1 | use std::os::macos::raw::stat;
  |     ^^^^^^^^^^^^^^^^^^^^^^^^^
  |
  = note: `#[warn(unused_imports)]` (part of `#[warn(unused)]`) on by default

warning: unused import: `TextEdit`
 --> shared_app/src/lib.rs:3:79
  |
3 | use vexo::{Application, Button, Column, FrameworkState, Rectangle, Row, Text, TextEdit, Widget};
  |                                                                               ^^^^^^^^

warning: `shared_app` (lib) generated 2 warnings (run `cargo fix --lib -p shared_app` to apply 2 suggestions)
       Dirty desktop_demo v0.1.0 (/Users/peiyan_wang/Workspace/ui_platform/desktop_demo): the dependency shared_app was rebuilt
   Compiling desktop_demo v0.1.0 (/Users/peiyan_wang/Workspace/ui_platform/desktop_demo)
     Running `/Users/peiyan_wang/.rustup/toolchains/stable-aarch64-apple-darwin/bin/rustc --crate-name desktop_demo --edition=2021 desktop_demo/src/main.rs --error-format=json --json=diagnostic-rendered-ansi,artifacts,future-incompat --crate-type bin --emit=dep-info,link -C embed-bitcode=no -C debuginfo=2 -C split-debuginfo=unpacked --check-cfg 'cfg(docsrs,test)' --check-cfg 'cfg(feature, values())' -C metadata=e364af6d875149af -C extra-filename=-918ce69ca0017897 --out-dir /Users/peiyan_wang/Workspace/ui_platform/target/debug/deps -C incremental=/Users/peiyan_wang/Workspace/ui_platform/target/debug/incremental -L dependency=/Users/peiyan_wang/Workspace/ui_platform/target/debug/deps --extern anyhow=/Users/peiyan_wang/Workspace/ui_platform/target/debug/deps/libanyhow-e50ef13e17777fe1.rlib --extern shared_app=/Users/peiyan_wang/Workspace/ui_platform/target/debug/deps/libshared_app.rlib --extern vexo=/Users/peiyan_wang/Workspace/ui_platform/target/debug/deps/libvexo-50f8a59689e8fdfa.rlib`
     Running `/Users/peiyan_wang/.rustup/toolchains/stable-aarch64-apple-darwin/bin/rustc --crate-name uniffi_bindgen_swift --edition=2021 shared_app/uniffi-bindgen-swift.rs --error-format=json --json=diagnostic-rendered-ansi,artifacts,future-incompat --crate-type bin --emit=dep-info,link -C embed-bitcode=no -C debuginfo=2 -C split-debuginfo=unpacked --check-cfg 'cfg(docsrs,test)' --check-cfg 'cfg(feature, values())' -C metadata=ce826542dbb31463 -C extra-filename=-3199cceb8642d5a8 --out-dir /Users/peiyan_wang/Workspace/ui_platform/target/debug/deps -C incremental=/Users/peiyan_wang/Workspace/ui_platform/target/debug/incremental -L dependency=/Users/peiyan_wang/Workspace/ui_platform/target/debug/deps --extern crossbeam=/Users/peiyan_wang/Workspace/ui_platform/target/debug/deps/libcrossbeam-e964596b20572e72.rlib --extern parking_lot=/Users/peiyan_wang/Workspace/ui_platform/target/debug/deps/libparking_lot-17bab91907f0ab86.rlib --extern pollster=/Users/peiyan_wang/Workspace/ui_platform/target/debug/deps/libpollster-b310b32a28ce11a3.rlib --extern shared_app=/Users/peiyan_wang/Workspace/ui_platform/target/debug/deps/libshared_app.rlib --extern uniffi=/Users/peiyan_wang/Workspace/ui_platform/target/debug/deps/libuniffi-8e16669dca0d297b.rlib --extern vexo=/Users/peiyan_wang/Workspace/ui_platform/target/debug/deps/libvexo-50f8a59689e8fdfa.rlib --extern winit=/Users/peiyan_wang/Workspace/ui_platform/target/debug/deps/libwinit-cd71ba3f67badfbe.rlib`
    Finished `dev` profile [unoptimized + debuginfo] target(s) in 6.09s
